[html/blog.html]
[backblue.gif]
[fade.gif]
[index.html]
[html/blog-2.html]
[css/stylec599.css]
[css/myfontswebfontskit.css]
[png/apple-touch-icon.png]
[png/favicon-32x32.png]
[png/favicon-16x16.png]
[html/manifest.html]
[html/blog-3.html]
[html/donate069a.html]
[html/blog-4.html]
[html/blog-5.html]
[html/blog-6.html]
[html/blog-7.html]
[html/blog-8.html]
[html/blog-9.html]
[other/blog]
[svg/contextis-part-of-accenture-security-logo.svg]
[html/about-us.html]
[html/news.html]
[html/careers.html]
[png/flag-uk.png]
[html/en.html]
[png/flag-usa.png]
[html/email-protection.html]
[js/email-decode.min.js]
[html/services.html]
[html/services-2.html]
[html/penetration-testing.html]
[html/simulated-targeted-attacks-red-teaming.html]
[html/incident-response-and-planning.html]
[html/threat-assessment-and-management.html]
[html/security-operations-consultancy.html]
[html/mobile-application-and-device-security.html]
[html/vulnerability-assessment.html]
[html/research-consultancy.html]
[html/industries.html]
[html/industries-2.html]
[html/finance.html]
[html/insurance.html]
[html/products.html]
[html/telecommunications.html]
[html/civil-nuclear-critical-infrastructure.html]
[html/public-sector.html]
[html/defence-security-law-enforcement.html]
[html/retail.html]
[html/events.html]
[html/events-2.html]
[html/cyberuk.html]
[html/black-hat-europe.html]
[html/crest-webinar-dynamicwrapperex.html]
[html/resources.html]
[html/resources-2.html]
[html/tools.html]
[html/white-papers.html]
[html/advisories.html]
[html/other-downloads.html]
[html/blog-11.html]
[html/a-code-signing-bypass-for-the-vw-polo.html]
[html/getting-maximum-value-out-of-your-penetration-testing.html]
[html/attacking-and-defending-wpa-enterprise-networks.html]
[html/securing-against-wsus-attacks.html]
[html/dynamicwrapperex-windows-api-invocation-from-windows-script-host.html]
[html/being-agile-the-benefits-of-continuous-security-testing.html]
[html/contact.html]
[html/contact-2.html]
[other/sharearticleb7e1]
[html/index4916.html]
[html/index-4.html]
[html/mobile.html]
[html/cyber-strategy.html]
[html/product-security.html]
[html/incident-response.html]
[html/vulnerabilities-and-exploits.html]
[html/web-applications.html]
[html/index-6.html]
[html/tools-2.html]
[html/index-7.html]
[html/malware.html]
[html/security-assessment.html]
[html/losing-the-human-touch.html]
[html/dynamiclabs-introduction-walk-through.html]
[html/dll-search-order-hijacking.html]
[html/zoom-in-simulated-targeted-attacks.html]
[html/bring-your-own-net-core-garbage-collector.html]
[html/p11.html]
[png/accreditation-crest-logo-light.png]
[html/index-5.html]
[png/accreditation-crest-star-logo-light.png]
[png/accreditation-check-logo-light.png]
[png/accreditation-cbest-logo-light.png]
[png/cyberessentials_light.png]
[png/accreditation-cesg-service-logo-light.png]
[png/accreditation-first-logo-light.png]
[png/bsi-iso-9001-logo-light-context.png]
[png/asset_272ppi.png]
[png/accreditation-pci-logo-light.png]
[png/ncsc_assured_service_provider_white.png]
[png/accreditation-assure_light.png]
[html/news-2.html]
[html/cookies-policy.html]
[html/privacy-statement.html]
[js/jquery.min.js]
[js/validator.min.js]
[js/plugins-min.js]
[js/onload-minc894.js]
[html/ls.respimg.min.html]
[html/blog.html]
[js/lazy.js]
[css/style7fae.css]
[css/myfontswebfontskit-2.css]
[png/apple-touch-icon-2.png]
[png/favicon-32x32-2.png]
[png/favicon-16x16-2.png]
[svg/safari-pinned-tab-2.svg]
[html/blog-12.html]
[html/donate333e.html]
[html/blog-13.html]
[other/blog]
[html/index-8.html]
[html/index-10.html]
[html/karriere.html]
[html/index-11.html]
[png/flag-germany22af.png]
[png/flag-uk-2.png]
[png/flag-usa-2.png]
[html/email-protection-2.html]
[js/email-decode.min-2.js]
[html/services-3.html]
[html/services-4.html]
[html/penetrationstests.html]
[html/incident-response-2.html]
[html/konfigurationsaudit.html]
[html/produktsicherheitstests.html]
[html/phishing-kampagnen.html]
[html/schwachstellenanalysen.html]
[html/quellcodeanalysen.html]
[html/threat-hunting-und-vorfallsanalysen.html]
[html/branchen.html]
[html/branchen-2.html]
[html/andere-branchen.html]
[html/einzelhandel-gastgewerbe-freizeit.html]
[html/energiewirtschaft.html]
[html/finanzdienstleister.html]
[html/professional-services-unternehmen.html]
[html/technologie.html]
[html/telekommunikation.html]
[html/events-3.html]
[html/index-15.html]
[other/simulated-attack-and-response-training]
[other/security-bsides-london-2020]
[other/securi-tay-2020]
[other/webinar-defending-against-new-avivore-threat-group]
[html/index-16.html]
[html/ressourcen.html]
[html/index-17.html]
[html/index-18.html]
[html/index-19.html]
[html/index-20.html]
[html/blog-15.html]
